# [1m[37mclone xv6 repo and compile it(B[m
[J[1;36m/mnt/nfs[0m 
[1;32m‚ùØ[0m git clone $XV6_PATH xv6
[J[1;36mxv6[0m on [1;35mÓÇ† master[0m 
[1;32m‚ùØ[0m ls
asm.h         fcntl.h     lapic.c      pipe.c       sleeplock.h  TRICKS
bio.c         file.c      LICENSE      [1;32mpr.pl[0m        spinlock.c   types.h
bootasm.S     file.h      ln.c         printf.c     spinlock.h   uart.c
bootmain.c    forktest.c  log.c        [1;32mprintpcs[0m     [1;32mspinp[0m        ulib.c
buf.h         fs.c        ls.c         proc.c       stat.h       umalloc.c
BUGS          fs.h        main.c       proc.h       stressfs.c   user.h
cat.c         gdbutil     [1;4;33mMakefile[0m     [1;4;33mREADME[0m       string.c     usertests.c
console.c     grep.c      memide.c     rm.c         swtch.S      usys.S
[1;32mcuth[0m          ide.c       memlayout.h  [1;32mrunoff[0m       syscall.c    [1;32mvectors.pl[0m
date.h        init.c      mkdir.c      runoff.list  syscall.h    vm.c
defs.h        initcode.S  mkfs.c       runoff.spec  sysfile.c    wc.c
[1;32mdot-bochsrc[0m   ioapic.c    mmu.h        [1;32mrunoff1[0m      sysproc.c    x86.h
echo.c        kalloc.c    mp.c         sh.c         toc.ftr      zombie.c
elf.h         kbd.c       mp.h         [1;32mshow1[0m        toc.hdr      
entry.S       kbd.h       Notes        [1;32msign.pl[0m      trap.c       
entryother.S  kernel.ld   param.h      sleep1.p     trapasm.S    
exec.c        kill.c      picirq.c     sleeplock.c  traps.h      
[J[1;36mxv6[0m on [1;35mÓÇ† master[0m 
[1;32m‚ùØ[0m make
[J[1;36mxv6[0m on [1;35mÓÇ† master[0m 
[1;32m‚ùØ[0m ls
asm.h             exec.d        [1;32mkernel[0m       [38;5;137mpipe.o[0m       syscall.c    wc.c
bio.c             [38;5;137mexec.o[0m        kernel.asm   [1;32mpr.pl[0m        syscall.d    x86.h
bio.d             fcntl.h       kernel.ld    printf.c     syscall.h    xv6.img
[38;5;137mbio.o[0m             file.c        kernel.sym   [1;32mprintpcs[0m     [38;5;137msyscall.o[0m    zombie.c
bootasm.d         file.d        kill.c       proc.c       sysfile.c    
[38;5;137mbootasm.o[0m         file.h        lapic.c      proc.d       sysfile.d    
bootasm.S         [38;5;137mfile.o[0m        lapic.d      proc.h       [38;5;137msysfile.o[0m    
[1;32mbootblock[0m         forktest.c    [38;5;137mlapic.o[0m      [38;5;137mproc.o[0m       sysproc.c    
bootblock.asm     fs.c          LICENSE      [1;4;33mREADME[0m       sysproc.d    
[1;32mbootblock.o[0m       fs.d          ln.c         rm.c         [38;5;137msysproc.o[0m    
[1;32mbootblockother.o[0m  fs.h          log.c        [1;32mrunoff[0m       toc.ftr      
bootmain.c        [38;5;137mfs.o[0m          log.d        runoff.list  toc.hdr      
bootmain.d        gdbutil       [38;5;137mlog.o[0m        runoff.spec  trap.c       
[38;5;137mbootmain.o[0m        grep.c        ls.c         [1;32mrunoff1[0m      trap.d       
buf.h             ide.c         main.c       sh.c         [38;5;137mtrap.o[0m       
BUGS              ide.d         main.d       [1;32mshow1[0m        [38;5;137mtrapasm.o[0m    
cat.c             [38;5;137mide.o[0m         [38;5;137mmain.o[0m       [1;32msign.pl[0m      trapasm.S    
console.c         init.c        [1;4;33mMakefile[0m     sleep1.p     traps.h      
console.d         [1;32minitcode[0m      memide.c     sleeplock.c  TRICKS       
[38;5;137mconsole.o[0m         initcode.asm  memlayout.h  sleeplock.d  types.h      
[1;32mcuth[0m              initcode.d    mkdir.c      sleeplock.h  uart.c       
date.h            [38;5;137minitcode.o[0m    mkfs.c       [38;5;137msleeplock.o[0m  uart.d       
defs.h            [1;32minitcode.out[0m  mmu.h        spinlock.c   [38;5;137muart.o[0m       
[1;32mdot-bochsrc[0m       initcode.S    mp.c         spinlock.d   ulib.c       
echo.c            ioapic.c      mp.d         spinlock.h   umalloc.c    
elf.h             ioapic.d      mp.h         [38;5;137mspinlock.o[0m   user.h       
[38;5;137mentry.o[0m           [38;5;137mioapic.o[0m      [38;5;137mmp.o[0m         [1;32mspinp[0m        usertests.c  
entry.S           kalloc.c      Notes        stat.h       usys.S       
[1;32mentryother[0m        kalloc.d      param.h      stressfs.c   [38;5;137mvectors.o[0m    
entryother.asm    [38;5;137mkalloc.o[0m      picirq.c     string.c     [1;32mvectors.pl[0m   
entryother.d      kbd.c         picirq.d     string.d     vectors.S    
[38;5;137mentryother.o[0m      kbd.d         [38;5;137mpicirq.o[0m     [38;5;137mstring.o[0m     vm.c         
entryother.S      kbd.h         pipe.c       [38;5;137mswtch.o[0m      vm.d         
exec.c            [38;5;137mkbd.o[0m         pipe.d       swtch.S      [38;5;137mvm.o[0m         

# [1m[37mget the total space used in the file system(B[m
[J[1;36mxv6[0m on [1;35mÓÇ† master[0m 
[1;32m‚ùØ[0m df -h .
Filesystem      Size  Used Avail Use% Mounted on
localhost:/     401M  278M  124M  70% /mnt/nfs

# [1m[37mthe repo appears larger than the space used...(B[m
[J[1;36mxv6[0m on [1;35mÓÇ† master[0m 
[1;32m‚ùØ[0m du -sh .
405M	.
# [1m[37m...because some of the files are sparse(B[m
[J[1;36mxv6[0m on [1;35mÓÇ† master[0m 
[1;32m‚ùØ[0m ls -l initcode
.[1;33mr[31mw[4;32mx[0m[33mr[38;5;244m-[32mx[33mr[38;5;244m-[32mx[0m [1;32m135[0m[32mM[0m [1;33mtchajed[0m [34m2021-05-07 17:53[0m [1;32minitcode[0m
[J[1;36mxv6[0m on [1;35mÓÇ† master[0m 
[1;32m‚ùØ[0m hexdump initcode
0000000 2468 0000 6800 001c 0000 006a 07b8 0000
0000010 cd00 b840 0002 0000 40cd f7eb 692f 696e
0000020 0074 9000 001c 0000 0000 0000 0000 0000
0000030 0000 0000 0000 0000 0000 0000 0000 0000
*
80480b0 0000 0000 0004 0000 0018 0000 0005 0000
80480c0 4e47 0055 0001 c001 0004 0000 0001 0000
80480d0 0002 c001 0004 0000 0000 0000          
80480dc

# [1m[37mcreate a small number of files and inspect them(B[m
[J[1;36m/mnt/nfs[0m 
[1;32m‚ùØ[0m touch foo; mkdir bar; echo 'hello' > baz
[J[1;36m/mnt/nfs[0m 
[1;32m‚ùØ[0m ls -l
[1;34md[33mr[31mw[32mx[0m[33mr[38;5;244m-[32mx[33mr[38;5;244m-[32mx[0m [38;5;244m-[0m [1;33mtchajed[0m [34m1969-12-31 19:00[0m [1;34mbar[0m
.[1;33mr[31mw[0m[38;5;244m-[33mr[38;5;244m--[33mr[38;5;244m--[0m [1;32m6[0m [1;33mtchajed[0m [34m2021-05-07 17:53[0m baz
.[1;33mr[31mw[0m[38;5;244m-[33mr[38;5;244m--[33mr[38;5;244m--[0m [1;32m0[0m [1;33mtchajed[0m [34m2021-05-07 17:53[0m foo
[1;34md[33mr[31mw[32mx[0m[33mr[38;5;244m-[32mx[33mr[38;5;244m-[32mx[0m [38;5;244m-[0m [1;33mtchajed[0m [34m2021-05-07 17:53[0m [1;34mxv6[0m

# [1m[37mclean up the system(B[m
[J[1;36m/mnt/nfs[0m 
[1;32m‚ùØ[0m rm -r xv6
# [1m[37mcheck that space was recovered(B[m
[J[1;36m/mnt/nfs[0m 
[1;32m‚ùØ[0m df -h .
Filesystem      Size  Used Avail Use% Mounted on
localhost:/     401M   64K  401M   1% /mnt/nfs
